// Vitest Snapshot v1, https://vitest.dev/guide/snapshot.html

exports[`<PlatformStats /> Layout Component > matches baseline style design snapshot tests 1`] = `
<DocumentFragment>
  <div
    class="css-ozzi54"
  >
    <div
      class="css-15u9ais"
    >
      <div
        class="chakra-stat css-1mbo1ls"
      >
        <dl>
          <dt
            class="chakra-stat__label css-ig4s8n"
          >
            Total Value Locked
          </dt>
          <div
            class="chakra-skeleton css-cdkrf0"
          >
            <dd
              class="chakra-stat__number css-okwwd4"
            >
              42300000.0M XLM
            </dd>
          </div>
        </dl>
      </div>
    </div>
    <div
      class="css-15u9ais"
    >
      <div
        class="chakra-stat css-1mbo1ls"
      >
        <dl>
          <dt
            class="chakra-stat__label css-ig4s8n"
          >
            Active Pools
          </dt>
          <div
            class="chakra-skeleton css-cdkrf0"
          >
            <dd
              class="chakra-stat__number css-ojf8jn"
            >
              12
            </dd>
          </div>
        </dl>
      </div>
    </div>
    <div
      class="css-15u9ais"
    >
      <div
        class="chakra-stat css-1mbo1ls"
      >
        <dl>
          <dt
            class="chakra-stat__label css-ig4s8n"
          >
            Total Farmers
          </dt>
          <div
            class="chakra-skeleton css-cdkrf0"
          >
            <dd
              class="chakra-stat__number css-okwwd4"
            >
              15,450
            </dd>
          </div>
        </dl>
      </div>
    </div>
    <div
      class="css-15u9ais"
    >
      <div
        class="chakra-stat css-1mbo1ls"
      >
        <dl>
          <dt
            class="chakra-stat__label css-ig4s8n"
          >
            24h Credit Velocity
          </dt>
          <div
            class="chakra-skeleton css-cdkrf0"
          >
            <dd
              class="chakra-stat__number css-ojf8jn"
            >
              8500000.0M XLM
            </dd>
          </div>
        </dl>
      </div>
    </div>
  </div>
  <span
    hidden=""
    id="__chakra_env"
  />
</DocumentFragment>
`;
